
<,,22.0/8NNN2-BBBBXXKC?????===$$JJ0==SUG_WW99d-"RUUUTTTT<NNNZZ((--III	Z-WWWWWWH???,::::::?5,?Z;aaaaD////N88&&&BL''/UUUUG]]]]]]]]]]YYYYY&&1????F$  !WW	1144O+++:dd^^^DD]ÿXX
!!---"""LKVVVV]]]I;A3  __WGF333333ZZ88X5LLM@P?GG[[""#  Q*

SS,d:9999F6\FII>  6.$$.HH


LLL!\**````cccccaaa \ccccccUUUU..<""""U4\\\\\\<<<<<		6;;RÿMXX4++R2aaaMMMMMFF   B	SSS/XXXX;;;;0FEEEHSSV__F&&&&&(I`QQQFcZZXHHHHAF>>>>  ^<<\\ C<CSWWWW^%888888))):3%%%__[[dddBBVVVH  dNNNDDDMYYYYYY22 JJJLLL:==XKKKXX22211]]]><V V444U\\\O\\cMMW2P
___d!!OOÿ+!!!!8UI0FJJO73a***LLLLOOa#\>99&.=N[[9"cc ccccc\
$$AAA>:::OOO]UURR


3,,,<XXXXXEEIIII%%%%%%%Gbb!MMMMMMHNN77-----8%%%%,,,888==P&2M144AA[188881111"AA666PEEEEEEEE1::'---"CC&&&5ÿPP>b444====--R,,Y++++%%7LL=4ZZ,,,,,**99KKMMMG2111\ZKKK/<<==WBBB%%U%PPaaa[[[FF//K====2222 YA\\\\W[YYYY###9`TTTT))88__W11111::444444&&&b<<<<<,;;;;DP8MMMddd[[  c=EEEEAAMVVÿJ444GGGGGG

\\-55,&&\\\''Yb666WWWddddd;;;;FO((([[E+7b''TVVDDC00&&&:9999&YYY=###\7?;  Y.FFFX8PPPP"889[[dddBbKKK999KRRR!!!)))>>>"<522++++OTLL  CC_@@CQQQ;;dK%%#,,,,,=ccAA(	R++"""WW]EQ`^^^;;Cÿ--TTTDDD&&&&&I!BUF+QQQQ@@DDD
 //Mcc88888bb?#IIIIIBBX%HHHHH66CC8FX%%$(N!!SMMM' bbb7AAb`FOOOVYY\BBBBMUUUZZT9;;;))))))EBQ66666^^***::*!!!!!!!!!W)FFFF(##!!!!!!((((99UZZW;;;;;$B??????6"%84%%%/00ÿ(BBUUPPP4,,,011&&U&&7<<[@@U			P(((++++8_22,$F...WW&33::UUK"-55555((((66FF
]dLLKcP____=='I
bZZZ8N%&O<VVV;;; SS4UMMMMUQ4B)T@@@@UUUUU,%88887777!!,[$0LLLLLLLL!LLUU4EE,,$B3>GG<J^^^77PPP,,aaa^ÿL7->SSS EEEEEE22```````99$$ZNMM@$$$SPP!!!!!!&#6A[[777227BBQ^^^&:::QQ%``bbbTZZZZZO-R**HHH&Wd cc====$$#####)KKK\\\

LLL(((888BBBBIIIII_IIIIMM##!QQ*''LAAAAL""]]]


UU''''(^^Nb_66\W%Oÿ(((cccE   99@222_;;;11ZZZ'''''+)))))Z].....


X&&&&&&&&;;Q5555$$$$A++++U85555M222cN))cccccc+++HH444  \""[[[[cccccc\TX

...9>>>>>>>\"""""D_a66!!-5AEEJd:8+aM^^^^ ?I+FZ		IB777-9ÿYY>]MMMM--TTTTTTTT:33NNRR8!7777777VV!!!'''=IIII88'4B-MM//66=******     ]OAA++OURRX((^%=""DD11ZZdd/A22UR90;;;;;UUD(((\\:::::aaNNN@3###H//BB%%%%JJJJJJ///////LL 2XX\	G!!5500$$OOÿdF

CCCCC?Q+]]$!<<TTH`YYY1[[8aYYYYYY=II


TCCC\\#####KK66QQ]]

(-b^<<<<c!!		99999SR,C$V333%%%%  <<``####I****Hbb\777W44Y$+33388cc@@@(((ZHHHH'$$OBaSaa_]7'UUUU-R%MM		__!!K+++8\8'MRZ5ÿIIIK]]6$$$$$$$__Z))))DTTTTTTT$$$,,,,II&&55'Wddd[[[[[[[[[[-aa]]]Y=>YSSSSSSSSMMM722 C<<<  

K!OOOOOORR

:::?????66==/NNNH99U]]_____EEETTT''\YY88))))0!!::---aaa#HHHHH<<<<NI))D66**66@@``EEE0//XXÿBbbbbbbAAAANN\\IDDLLLY]] OEZZ9+733MPP#OOOOOOSSSSSNNNNNI#666db:ddddd								&&''!![c:0::
!!!!!!CCHHH[[<<<<	T@@@@@,,,@@`####__9 _JJJaVV******<888F###>77>>26TTTTNNNN^`BBBb1aa[[___$$((B.!a^^^ÿB``GGGG$NL.`$VVVVV,,			?,,222d3dd445!cM)='''ZZ))NNR8PPNN%_11114Adddd3P\\XXXXXXX(>	UUWQWW??OO::::OO

--<;


A9dddPPZ[[5W&IPPPPPP??@8OO:2TT`aIIL/AA(((++++M_dddddN222ÿIIIK]]6$$$$$$$__Z))))DTTTTTTT$$$,,,,II&&55'Wddd[[[[[[[[[[-aa]]]Y=>YSSSSSSSSMMM722 C<<<  

K!OOOOOORR

:::?????66==/NNNH99U]]_____EEETTT''\YY88))))0!!::---aaa#HHHHH<<<<NI))D66**66@@``EEE0//XXÿ(BBUUPPP4,,,011&&U&&7<<[@@U			P(((++++8_22,$F...WW&33::UUK"-55555((((66FF
]dLLKcP____=='I
bZZZ8N%&O<VVV;;; SS4UMMMMUQ4B)T@@@@UUUUU,%88887777!!,[$0LLLLLLLL!LLUU4EE,,$B3>GG<J^^^77PPP,,aaa^ÿbbY222
QA@FFFFFFFFFJ4..,D**13333<<''dSSSRR2KLc[[E )FFFFFFF%

c:\\\\\ZZ++++++99999L77777;CYYYV88??RRR/^^^^	]]BBB


3

>OELB4'YY[[[(00AAA,3YNR;;NNNNNdA:::33RH;<<88VMMMcccc=222UK.
TTTTTTTTT7%%%1888LÿXXWW1^^222FFFEEXXOOOOR>>?!((J999PPUDDDD&IIII'''VVVVVV444\^		44@@@@////	>>999XXX%QQ(33//Dddd88!D[[>>>	RRRRRRRRHH
_::[??0CCCVV;;;KK-6DDDL'aaaaaaaaL111*INNNNNN%,,,,,6666666a22Z===\ÿNNN5aCCCC   Y)X1)%&&BVVVV777]G[IIRR+++]RRR

IC<<<!bb::::WW8a74SDD#HHHHS0000<<@@W-000,,,,			""TTTTT[[F#NN[[>>NNN[?277^$$$;;;;;```GFMZZaAAAAA__,,OOOCVVVYWII4#TT'''5W14+((`YYY999,,,XXddddP+++4 					ÿZMMM		44IIHH^^^....
66NNNNMMM,>IIIINY____[( ''NNNNRRF;_))SSSS7B7QBOOOJ@@+726--UU???NNNNNNN;;@@5/=*C9&NNNE8,,,XXXXXXKVVVNNNbb:OWWWGUU333GG		T33##2KKKKPYYYYY???+,,,$$$]%%00
!,E
M1ÿ^WcQQB7CCCT>>:445###ddT$$$***@@@@@==OOOO4RDDW::LSSSddGIIIIIII&ZAAA///UU<LLLL\N+UN33333333M@@5

2244KKKU?&?*$$		NH$$Jaaa## M)))(((<a""""E@@@@@@KKK9I<[[III[[[[[@6W4*(,-UUUU[[.G"[[___G7TTTTDD77XX''''>>Hÿ[NN""YYY--;;NN///!!b=JJPNRR.....800DDI;cccccc///aaVV7/UUUU7WT%%N&&&&&&99/00H\5555555Y ;;;;bVV^^!NXX44444((<DDDZZZ$$333HQQQ....[<5JJJ-BBDFFF---&01N_@)))		776:::###########)I22WWW!666__:CC333bb,FFÿGU&bbbbBBB!PPZ______Q&->>N#PQM77!!!!\\\0J)))>>>>ZZd*#777777)##444Z2@@@@@!!!

^?UUUXdd26<WWWW[($$455DD%NNNI	^R495::#######AAA`!CJJUXXXXX3BWWWWW;ad&=WW44OO::::A>>>@@V			NN>>>ÿ
2FF*****OI8__:::::-cJJJ!L%FZ@@@SSFF;=<<<<<<<<,,,,555111HH%%%$$UUUUUU,,WWBBBBW11\\\\\'K""dGGG^[00N!`----C___ddB.QQQ--CC)),0..NN/VVVVVVVW ''Ydaaaaaa	2GG4+			]]RRR(((  AGGG[$$4400>>>>>K?<<ÿ88#&VU\\BBL<<<<Z""11[[2CBZ===PPP33```&VV7-UUUXX8888888PPT777cccccc1111Y:@@B`11#O&&"""1+PP0$aa66+	____SLL88I9NOOOOOOXX?Q7d???4SSS<\\\$N.[:::::::[[aaHHYYY@OOOY22..QP	$UU@ÿD!!!///[	JBBU:ZZ,]]EEPV]MM/////Z_BZZ666;UU44]]-RRRRC###***:(!'&JJJJUSSS^EEES&&666EEEY%^^@@@aR4`										b<KK!LL;bbb111FF;)<LUOO7\\\C::88)L88MOO::	1

ZAdddYYYK<<*10000W1ÿC)FFFFFF>@@


 9LHH111WWFFJG,66TR=<<<<<<_FF/>
!XJJJICDD%a::EEEE[HHHHHH[;;;;;::<==EEIO==
T^ddbSS


JJJJRR5UUUUUUVV???K(W]]]O_ZHH'''  **RYYEE44L===E]]]d;F>>7KK**111111a2!!00##1ÿQR/^^`[88
LLL!!!!!!!0000bbb255PPPPPP.PDD3322222R7K//  GGEE3aSSSS^^..bb)U33:$NVX*@L^^aaa/PPIUUUVVVYYYYYY__KODD50#&&&Z77_////Abb	aaaRROOOONIddTT(OW2;; !!!!*Y$$$&94WW666666[[SS%99%aÿAAAAWD`DDDDD%%    NI&&&&&&a(--==/OOOO!\\\;;;;EEMAOOO%-;;'"$bbb$44\\)N\\111ZZA))RDXbbbbbb44-----[[[[[\66)AEQQQ[V111166>>	KKKK+III222RJ..PNNEE6>#]]TTTT
5NNNNN0\\\\\<<VV^BBIIT))ÿPQQQQ)ddd%,,@@@@-3333ZV%###b     OO..####888*00VVV...L%%Z9``aaUbbb...####WWWD```$=W006666RRRR+M&&&&cccccc(7T??----c1FF7772JJJ^//#::333330A			&((((ZZ))VV:TTZZJG===@@PPÿGGGG77777S7.....)8888NNN!C<KKKB??^^^=``I&&///XX@@
OOOODZZZZZZ(5555::&-V&&8$VKJaaY%EE,,,,bb33<VVCCCCCCCC_  *@@@]]]]]**4NcI@Y1+]N

**JJbbX899IIIIIIII[[GU$WWWO999#00KRRVVVVVc33ÿ_WWNC661(U999dd4MMMMMMMM'MMMM#	(251Y..9&]];;;BB6=GG6U666PP?3]@@@@YbbKKKK]]Y7+RRR9DD%))KK...BB""""&&///&N??__II2222XXXcOY7OO7;((((FaIII	bb=JJJJJJJVLL&&G99 N@??++++U322



cÿ--;3??C-----11111&&&HHHHH:VVTaaaa^=   &JO777ZZPGGGG4444444"00MPPPU						[[BB
ddd///\\\Y))DDDDD
LLZZX@@,`I))))))/GGGGGGG"LL"?T8TT7777		#########!33332AAAAA2222SSd'CC,,,,,666668LO%%%%>111I$0___BBXÿL>@@@@S:OO88%Y\T
TT5!!%%%%%a:DSAYYYYY4&&>^^^^^OO333+P(        R_=d\:DEE(YE93GJ\T###RRRRRRRRRRRR AAA6666A@&&KKKKMMM[[[FF]]a]][[%*U#####"""""H'''TTTTTTTTTTccII555QHHH77JT*NHHH===^^B%%@SSLNBKT5!!P\ÿ2&O\dd1CCZZZ=FF====77^[...bbbbbbbb11(UUUUUUUUUUZ0!!!!UU5UUUUUaa[aaGGYYYYKKEE"LL`;*UU										7HMM`33%%_OOOD?'''E^`N\\I[[VVVVVVVYd[[[3333 FF>>>>>>>>O77SSDDDNNNNNAA8899MLCC$$aaaaaJJ0Lÿ]III,`++$$DDDD99RRRR;;;SSSSSSSSSSUa8888U'UU88
U/MMM]]] ._)+J[[[[b^^^^^(9___L44444==7''
1111'',,b>>>>>>< IIIIIAA]]YYNNNNI6666##<<<<___aa99aaac+JJF22;;;;;/Z))))ÿ(((cccE   99@222_;;;11ZZZ'''''+)))))Z].....


X&&&&&&&&;;Q5555$$$$A++++U85555M222cN))cccccc+++HH444  \""[[[[cccccc\TX

...9>>>>>>>\"""""D_a66!!-5AEEJd:8+aM^^^^ ?I+FZ		IB777-9ÿ*7^
KQQQQQQ   KK\R#YYIBB$$$$$!5a[Z&//!!!!!!B``%BIIIIII>_-C[%%#bbbbb__ RR--NCCC\\<LccccU-VVVVVV9bbb--;33K----CCJJa@XX19%%%%%\\YY92,..LL>:::8MMMGGGJ:	L@@@>88ZVb222+VV333++====Y6>>ÿ1:7 YYYYYYYYYYOO&&66644GG$````B,,,11111WWWWQ``ZZTT3
MFFF!B---..     <<5JJJJJ<3aaPTTTJ88888_OOALL8c)T5NWWWWW(((




OY   



EE000,,YYY!!Q?VVV\\dd"DDDMRR55RRPPAU11111668888.d#RRRRRRRP>>>==EEEEEÿ556CF;;;((J$___&&55522 K55.((((((C""SSAATK5555555TTT`Z,,]]]].


DDDDVV__=P''>>@%&&&;MEEE





c%;8aaaE88VVV,%=cMM\\\\\\\FXNN++++++ RRRRR;555555-EY19bb?$$$$ II@@@)OOOOO777777A&&MLFKB88CCC&TT5AA5ÿ(\\PPPPUUUNVVVd_==FFNNNL	%%[[[E))1>-?					O;55/// __22A ?11GG0Rcc``:!!!QQQ`TIIII__UAA3aaa@@JUUU444444444G44[[?=b)>>TTTTVXXXYYYYY-FF]YXXSVV888\\;;::::VVVVV2Sa%VVVVVVVVV/SNaN4!!ÿ>>D9999NNR^^^;;IIOOOOS***:3333YY====T,SRR>>>"""HHHHHHE  **UUUUUUK4")))&&44bbb<cNNNNN8ac,,,,<   33]]]]]Kddd%%%UU77`ZZZZKKJ]		NP1$>>>>>>OT4X:__LLUU////___@NNYYYY.GG

))!!!!_TTTTTRRRRP:[F6666ÿYYYY^##]]aLQ^^PPPD&&/////&

	?JE\#CC[!!!''G;;;Q''WWX*				DDD.<<<Z==KKKKKL+CBCLLLLCC5(((MMa\\\\\11555QJ    \<<<TTTT99SSVCC%OOO>@@@@@4`\\\&&R99999MT``Vc<<<<9\999999?K''S!!XXV(.T;;@@66==ÿZZP???K		9$$$;;;;;;PPHIII
8KK
@DDD@@@@YYYYYYYYYO????K[[<<##[[[[[MMM++++++++_C66cc2222222HHO@AA__MM3Y!!!!&H9				FFF===P BPPPP!!2MMM,bb66+NN::<<<<<<BB!!!A,,,T?-----,4"""""*UU<==E',,#II"&&##999XXU,,,,ÿaaP"""(((IISS"?&&&&3ISSaaaMMMMaaDR	6++4444N???DDD11GGO''''CCCC]%XXXYY5<EE Y
^^^S^^cd''':::-999Ucc_>B00EELLLS.=L%____bbbO-d		SSPPP\EW---W\)#IIB--YVVVVVVVV::*'4RRRR5555FFF'Uÿ!!!!!440>C?/%%RRRR\R0000BRRRAKbbbS[OO+'cYdd99cMM<<<:@@UU@cccDDMM4]]]]!!*]]]]PPP77OOOO----@;;EE++:FF==SSP888RR..\RcC""[[[##.PGGGAAA.5EbbS111111!!!!JXQ57HHH?-*G	ZZZZZ(_)F22%%%%ÿ2&O\dd1CCZZZ=FF====77^[...bbbbbbbb11(UUUUUUUUUUZ0!!!!UU5UUUUUaa[aaGGYYYYKKEE"LL`;*UU										7HMM`33%%_OOOD?'''E^`N\\I[[VVVVVVVYd[[[3333 FF>>>>>>>>O77SSDDDNNNNNAA8899MLCC$$aaaaaJJ0Lÿ##(()))KK3,I==0-KJD@TTZZKZZLL$WWW
'11++^^112 ''KKBR2   ####66HH88888::::::[[[b88>NVB[[[[[     OOOOOKQQ..)111<<(Q
T<Z_112?__YY*,>>ccXZZ"dJ$V
PPPPLII6666WWW1Y
`!!!
NWRRRR=..`::VVVVVEEb---ÿ(BBUUPPP4,,,011&&U&&7<<[@@U			P(((++++8_22,$F...WW&33::UUK"-55555((((66FF
]dLLKcP____=='I
bZZZ8N%&O<VVV;;; SS4UMMMMUQ4B)T@@@@UUUUU,%88887777!!,[$0LLLLLLLL!LLUU4EE,,$B3>GG<J^^^77PPP,,aaa^ÿ@DD]]```5````WO^BBIII%_HQ**-MMMXXXXDDDD,,KK+]:M8**%%%%%%\\99(((XXZ+@@@---aJNJ!3399V0\\\CC+(ccEEE))66##IIII1(\\EEEE-\\PP
dDD1&&&WF$JdPP6OO((TTTTTT(55444%KKKBB7-bÿ..:>3%%Obbb+EE11(7D++ccaSN^IRRRR4dd88NBBRRRd?@99F^^^^ 	bb6""""[[LLLD#CCVTTT=&18*5----:&&aa	7)899999


70!


BB=C22???R[[UK,^^^77bbOOOO+RR6IIX//))DD___ÿK\\\\0((\\T\\_44YSB00TT,,,K.!///[@+b*F_;?DDDDD___$$			#bbbbbbbD\\;;;SSSSII>>AAaa9*..[[,,V++VVVW]...++++C111111WW8dd```
EEQQ88`AA;W	GGBBBBCA;M2/"d%%%%%>>'''X		??''	;;__BB4444d\\\\KKVS-(((((((HHÿQR/^^`[88
LLL!!!!!!!0000bbb255PPPPPP.PDD3322222R7K//  GGEE3aSSSS^^..bb)U33:$NVX*@L^^aaa/PPIUUUVVVYYYYYY__KODD50#&&&Z77_////Abb	aaaRROOOONIddTT(OW2;; !!!!*Y$$$&94WW666666[[SS%99%aÿZZZZZ]]00*FFFFLL...dddd "";````=::]]WW:PPPP2<

_\:::::::::IIIIIddddd*<


2aa%cc4V>VVVVVVVVV99II>,,,dd1^^UUQY&DDDDVQ&,,GGGG111aaa>>>&***:266CCCaIII]
`:%%%FFFF..222JJ<IIIV6Q%;GGG)QQJJJ]]]ÿQR/^^`[88
LLL!!!!!!!0000bbb255PPPPPP.PDD3322222R7K//  GGEE3aSSSS^^..bb)U33:$NVX*@L^^aaa/PPIUUUVVVYYYYYY__KODD50#&&&Z77_////Abb	aaaRROOOONIddTT(OW2;; !!!!*Y$$$&94WW666666[[SS%99%aÿ>>D9999NNR^^^;;IIOOOOS***:3333YY====T,SRR>>>"""HHHHHHE  **UUUUUUK4")))&&44bbb<cNNNNN8ac,,,,<   33]]]]]Kddd%%%UU77`ZZZZKKJ]		NP1$>>>>>>OT4X:__LLUU////___@NNYYYY.GG

))!!!!_TTTTTRRRRP:[F6666ÿ44*+700E  !++
@"#*FFFF\\ccc		FFFFbbbb			b`JXXBB<<8888888*%%%%%?	2TTTTTTYY0b]))-999999AAMMMMMBBKKKRR
733YY99QQQQQ8888V55222EG1\\666633333EEdd""!-DDD++9>>L QQQQEJ88D]:ÿG@@@YYYY  PPP>>#DDMMMMS]]][""!]MMLLa5&55555cccCTI>,"""""""8M*T		---bP......I<<(77K/	KB99999?38c Q4444/^^^U____****[[Z$$$$M333++++

3GPP		66OOOOOOOO==5GNC333 XXH22R2^^dd---<<<\<C``8BBBBN9(HUN    bbPPÿ;OFLL)LLLVV`BBOORd&&&&&&&HCCCQ\\d&&&991KK*FFFGGG;]cV==XXXX44$$SSJJJ22266&&&\\8:\\=bPP[[,,,,6,,,11111XXMQ71>>&&8c883--->>.$$93	XKS,,]:/P\DWW[O$$@HHEEEEECCHH.'''';;;;;VMMÿ]111MGOOOS666A(&WW0GGGQ((J_____NR888Ec00---P!***  Pc))))W$$
 QFFFFJJJ$$$$$bbbbcZ\RRRXXZ%
\\\\C<TTTT.HLLXK7+MM5Z;T`]NNNd]]]	NG'??,			97#PPLK0083362AAAAE:   V88855bbÿ--;3??C-----11111&&&HHHHH:VVTaaaa^=   &JO777ZZPGGGG4444444"00MPPPU						[[BB
ddd///\\\Y))DDDDD
LLZZX@@,`I))))))/GGGGGGG"LL"?T8TT7777		#########!33332AAAAA2222SSd'CC,,,,,666668LO%%%%>111I$0___BBXÿYY>]MMMM--TTTTTTTT:33NNRR8!7777777VV!!!'''=IIII88'4B-MM//66=******     ]OAA++OURRX((^%=""DD11ZZdd/A22UR90;;;;;UUD(((\\:::::aaNNN@3###H//BB%%%%JJJJJJ///////LL 2XX\	G!!5500$$OOÿEE]]Y!ddd)a33d88,@M3,,.---***HHL<<<<>Zac???<<<2W4,,,,,5^^^C5HHLL4X-EEE((,,:EE?LLUCXLLLLLQ<^:***T##JJ^^^^0QQN***(HH<<dRWNWN	KK__U1?''//ZLLCCCCC%PPP===2"""\\466?;;;;&&/P\\\C%^RRRRRR^^ÿKK42=88*6666666AA'K<<4ZZZZ33KD;;L7XX!AAA+&&3..  	FFFLL`\2277DR.d!!!-UU$++66666							777NN###\GGTTWW[[aa '[LLLL833333VVVVBP*:ZF``dd555555577777774AA				a#$$$[.=DDH44"@@;;;CC'$DQQ\\===88_ÿOOOO(PP7@TTTTT!!QQQQQ3
%2222XXBBBB4,AAAA3****bOOdddd``ddSSS<<<TTTTTTT"TT...::::N:,XNNddd(+5WWWW......&5..;;\\DD??BRRGGGSDDKJJJ:::::ZZAKKKK[I=11]][^^^\$$$TT__)++GddHT4ccZZZZZZZZMMMQQQQ(c]]Zÿ<<
UUEEE/C[((((8b'				2,EUU2
&&@R55D;;;;99999---`DDXH[*bbII""CCCCCCCCH///M&&LS[@@HH6aQ)))^^^^^::::RO+****====AALL!!DDLLY4??????PRR--V[[[L..9PEE]]

CFFFFF&&&&_	&&S^VÿZZZZZ]]00*FFFFLL...dddd "";````=::]]WW:PPPP2<

_\:::::::::IIIIIddddd*<


2aa%cc4V>VVVVVVVVV99II>,,,dd1^^UUQY&DDDDVQ&,,GGGG111aaa>>>&***:266CCCaIII]
`:%%%FFFF..222JJ<IIIV6Q%;GGG)QQJJJ]]]ÿMXX4++R2aaaMMMMMFF   B	SSS/XXXX;;;;0FEEEHSSV__F&&&&&(I`QQQFcZZXHHHHAF>>>>  ^<<\\ C<CSWWWW^%888888))):3%%%__[[dddBBVVVH  dNNNDDDMYYYYYY22 JJJLLL:==XKKKXX22211]]]><V V444U\\\O\\cMMW2P
___d!!OOÿ22<//UUY]<<</////9AA`````5::S`<8//___!K------5582%%%%%%%%8888[0000!/-L$$5""LL8888OOOOO>##[""SSSSSPP\7     !!%%,,]]$W)QQQQQ  MMM>(M00@bbbbbbbSSSSS[#X*77AAAWWW6





4444444PPKÿ????'''```A88;L&+		ZZAAA++b////2222QD[,GGGOL<<<
6)),,C,]]+<<<H P8^^^^SSS**D-d...XUKUMM4++YYYYY%%=JP%%C``````^KDDD\\\


F==WWcFF222NNVV**>RWWWW-''''T&Q@@I#   ``

>c[[c!-2ÿ!!!!!440>C?/%%RRRR\R0000BRRRAKbbbS[OO+'cYdd99cMM<<<:@@UU@cccDDMM4]]]]!!*]]]]PPP77OOOO----@;;EE++:FF==SSP888RR..\RcC""[[[##.PGGGAAA.5EbbS111111!!!!JXQ57HHH?-*G	ZZZZZ(_)F22%%%%ÿ(BBUUPPP4,,,011&&U&&7<<[@@U			P(((++++8_22,$F...WW&33::UUK"-55555((((66FF
]dLLKcP____=='I
bZZZ8N%&O<VVV;;; SS4UMMMMUQ4B)T@@@@UUUUU,%88887777!!,[$0LLLLLLLL!LLUU4EE,,$B3>GG<J^^^77PPP,,aaa^ÿ%%???)AAAAA>>b""C'1` 003##UUU
;***WWGOTTTcCCCCQ..DD&HHHcccc+!.. 022222MMM/????((((((WWWWWbbbVVVVVQQQQQEE999VC...VVV)AAA

4


X@@////*111AD5555H<66	<<22^^YZ4<<..... 

,CSSSTT				YPbbb`N(RÿCGG//&&66aaaaaaX???W


'Y`2<.WRVB5TTTT"^^HHHHHH++3332J"""11A;_OOO<XXXXXXX.3JJ&&UV0YY7dd       KKK8UXX2G
^DDD??222!CFF
WW1cccAcND(,6AAZ"+:GOOONNNE"***DQQBcc>@@SA++[[_777/>>AA<<DQÿ77M#AAA_;;WWWW****""6DDDAAAAAC"S'I++++G[[[UaC.]?GGGbbbPPP[[[[[<<<KK&&(((^^^bYYY-----QQdd-*V&&""555BBB2aSSZZZC====::FF@AAddd"V///UUYYOO(99LL
\\\\\\\\\+XX22HHHH***N----III666EDD[B55ÿKK42=88*6666666AA'K<<4ZZZZ33KD;;L7XX!AAA+&&3..  	FFFLL`\2277DR.d!!!-UU$++66666							777NN###\GGTTWW[[aa '[LLLL833333VVVVBP*:ZF``dd555555577777774AA				a#$$$[.=DDH44"@@;;;CC'$DQQ\\===88_ÿ\18888PCEEE!!SEEIIIIIDDDDD6)NN@ FG779!**4_<IIA$$N;;;5V7PPPcGGUU##]/#%%BBBUV*!
*(JJJWWWWWTTF$$R;))))LXP9CC-JOOO77@@\0000>>>>  cca^HHHHU"FF??^^5AAAA    (""``RRR/),,88d?@@J/(]]]7((ÿBbbbbbbAAAANN\\IDDLLLY]] OEZZ9+733MPP#OOOOOOSSSSSNNNNNI#666db:ddddd								&&''!![c:0::
!!!!!!CCHHH[[<<<<	T@@@@@,,,@@`####__9 _JJJaVV******<888F###>77>>26TTTTNNNN^`BBBb1aa[[___$$((B.!a^^^ÿGGGG77777S7.....)8888NNN!C<KKKB??^^^=``I&&///XX@@
OOOODZZZZZZ(5555::&-V&&8$VKJaaY%EE,,,,bb33<VVCCCCCCCC_  *@@@]]]]]**4NcI@Y1+]N

**JJbbX899IIIIIIII[[GU$WWWO999#00KRRVVVVVc33ÿ<"//I;))SS IUF///O```3OOHFF448@									]((CCC___NNNNVVV:cLLL			X44H9NC#I!"EEc\\\999\\\\\[[[4UU@>>PPPP+++LL3ZZ7AAAAAAGU>LccccccRR&11(U		_]]]]2222\FF'' XdCCC((#CCCCCCC222,,==S==@!-2ÿ--**(3333bb<MMM==========+3P_QQ&KK8JCCddd..*,,,,BCC```NNNV''WWFFccZ""""">333[((((MQQ&#!1T:$]+DD<HR%%%F			b<<**ZZZ77777dddd''''''99===$LL+:::NNNNbbb4JJJJJJ;;@999921J88888ÿ22<//UUY]<<</////9AA`````5::S`<8//___!K------5582%%%%%%%%8888[0000!/-L$$5""LL8888OOOOO>##[""SSSSSPP\7     !!%%,,]]$W)QQQQQ  MMM>(M00@bbbbbbbSSSSS[#X*77AAAWWW6





4444444PPKÿL7->SSS EEEEEE22```````99$$ZNMM@$$$SPP!!!!!!&#6A[[777227BBQ^^^&:::QQ%``bbbTZZZZZO-R**HHH&Wd cc====$$#####)KKK\\\

LLL(((888BBBBIIIII_IIIIMM##!QQ*''LAAAAL""]]]


UU''''(^^Nb_66\W%OÿAAAAWD`DDDDD%%    NI&&&&&&a(--==/OOOO!\\\;;;;EEMAOOO%-;;'"$bbb$44\\)N\\111ZZA))RDXbbbbbb44-----[[[[[\66)AEQQQ[V111166>>	KKKK+III222RJ..PNNEE6>#]]TTTT
5NNNNN0\\\\\<<VV^BBIIT))ÿ??GUUUUUU66II^:6K:::	***888888II((+""__>%%%WWWW^JJ<X.7SZZ\\;)b/LLL,<WdV81Q?N(((([[[[FFFF'LL+bb0X558888LL&22YYYYYVVG4VWW@@@@@aa,,,a***$6666666KIYY???111HH***T(HDDD_4IIAAAA))))G]ÿD!!!///[	JBBU:ZZ,]]EEPV]MM/////Z_BZZ666;UU44]]-RRRRC###***:(!'&JJJJUSSS^EEES&&666EEEY%^^@@@aR4`										b<KK!LL;bbb111FF;)<LUOO7\\\C::88)L88MOO::	1

ZAdddYYYK<<*10000W1ÿ6666'''ENNN..M2222$UUU''''XXX^^^^D2-G.
E))))(TO(EEO/USSZ$LLL[[]]]55IddETT;;5###"""""""4P//////aaaaYYO==!EKK\222HHZZZX"<<I**$>####AAAAAFU%LLLLLLL%&Y.$$$TTT((((OOOO.[--$PP,77bbEEE42MT""*EEE'''ÿ--**(3333bb<MMM==========+3P_QQ&KK8JCCddd..*,,,,BCC```NNNV''WWFFccZ""""">333[((((MQQ&#!1T:$]+DD<HR%%%F			b<<**ZZZ77777dddd''''''99===$LL+:::NNNNbbb4JJJJJJ;;@999921J88888ÿDdE555aaKK@		FF[[!>>PGGGGGGGG%%\\b:::/D;(((((((((69a/===;;;aaa		JJ 66-????[[[[[N333  -'9N-DDDDZPPPPbbbbTTQQZ\44111(0007$$LEYRF2L,

ccc====MMMMNNNN^^^X>>RRR@@@@@@@%%%%B33@@@	QQZ6..******R88ddÿ>>D9999NNR^^^;;IIOOOOS***:3333YY====T,SRR>>>"""HHHHHHE  **UUUUUUK4")))&&44bbb<cNNNNN8ac,,,,<   33]]]]]Kddd%%%UU77`ZZZZKKJ]		NP1$>>>>>>OT4X:__LLUU////___@NNYYYY.GG

))!!!!_TTTTTRRRRP:[F6666ÿ44*+700E  !++
@"#*FFFF\\ccc		FFFFbbbb			b`JXXBB<<8888888*%%%%%?	2TTTTTTYY0b]))-999999AAMMMMMBBKKKRR
733YY99QQQQQ8888V55222EG1\\666633333EEdd""!-DDD++9>>L QQQQEJ88D]:ÿCGG//&&66aaaaaaX???W


'Y`2<.WRVB5TTTT"^^HHHHHH++3332J"""11A;_OOO<XXXXXXX.3JJ&&UV0YY7dd       KKK8UXX2G
^DDD??222!CFF
WW1cccAcND(,6AAZ"+:GOOONNNE"***DQQBcc>@@SA++[[_777/>>AA<<DQÿMXX4++R2aaaMMMMMFF   B	SSS/XXXX;;;;0FEEEHSSV__F&&&&&(I`QQQFcZZXHHHHAF>>>>  ^<<\\ C<CSWWWW^%888888))):3%%%__[[dddBBVVVH  dNNNDDDMYYYYYY22 JJJLLL:==XKKKXX22211]]]><V V444U\\\O\\cMMW2P
___d!!OOÿY,FCCC"	::999.[[bbS2OOcc[HBBBBSS"""]JJJBBBBBBBB9999999444IId=PP7&&&9999!`bZZ&&8@W3FDDNNKKK;0000";;OODDD556a("%%%%%c::5555bbC		6""/.>'""""$$$$EQQYWCQOOO++=22J"))---^N:::QMJJ&L66!1FF999XXXV''GGGGGGGdÿL7->SSS EEEEEE22```````99$$ZNMM@$$$SPP!!!!!!&#6A[[777227BBQ^^^&:::QQ%``bbbTZZZZZO-R**HHH&Wd cc====$$#####)KKK\\\

LLL(((888BBBBIIIII_IIIIMM##!QQ*''LAAAAL""]]]


UU''''(^^Nb_66\W%OÿZZP???K		9$$$;;;;;;PPHIII
8KK
@DDD@@@@YYYYYYYYYO????K[[<<##[[[[[MMM++++++++_C66cc2222222HHO@AA__MM3Y!!!!&H9				FFF===P BPPPP!!2MMM,bb66+NN::<<<<<<BB!!!A,,,T?-----,4"""""*UU<==E',,#II"&&##999XXU,,,,ÿG@@@YYYY  PPP>>#DDMMMMS]]][""!]MMLLa5&55555cccCTI>,"""""""8M*T		---bP......I<<(77K/	KB99999?38c Q4444/^^^U____****[[Z$$$$M333++++

3GPP		66OOOOOOOO==5GNC333 XXH22R2^^dd---<<<\<C``8BBBBN9(HUN    bbPPÿL7->SSS EEEEEE22```````99$$ZNMM@$$$SPP!!!!!!&#6A[[777227BBQ^^^&:::QQ%``bbbTZZZZZO-R**HHH&Wd cc====$$#####)KKK\\\

LLL(((888BBBBIIIII_IIIIMM##!QQ*''LAAAAL""]]]


UU''''(^^Nb_66\W%Oÿ