		

ÿ))*'$-%-%,,%""#+.-%-"-$%++&$$.,-.-#$##--







"),')"*")%-*",&'%+(-$'(+.*--(('%$(#.'*#$					,,,,-*,(-*+,(***--*)-+**--+++)*++-(,(+-(*ÿ2221&&&11'22222""/00011" &&&&&----% 2++1.+-&
1+++11111)..1$000//+++/,,,,+++"))""&220".ÿ<>>==?BAA:<8NNVOVSUUTRRRRWRSXXXWQQRUUUUOOWWWTUUXXQQQSSYUUUUO+2,,+33+/00,+++.2111-45,,,1,,,,,1UOOWTYYYYYYYSXXOOYYYXXTTVVSSSTURNNXOPPSSYVVVVPTTOOO]OYY]][ZWWRRZZ[ZYY]PWWZZOOOWOPOOOOORRRRRVSSTURRQQWNXXWWWZZPV[O]O[[QQQWVVQQTT\\\\\OYYYSURX[[[S[RRVVOOWWWQQQRXXXNTPPVVPOUUSSXXUUUQVSUVVRPPOUUUUOTTRRTTTTVVX66866A=77??9;??99?5::5555559455<<<4<;7777::????3?<??9@>=>>B6=@
6@@?;;;;88BB>999<9;<999==8768::<99<;;;;<;888666ÿ