
5,51<LVUZW9&]LLUBEO!(+,0,RPHUB0,0PF&E)\Ha=OW	47&Z-%S@)<VP+5$<aaO[?01\6A!Z[,`'Z;M8RG>'^1@Z"
N$3, 
V4(F1"
WT:SY;F)4P;CDF5-P.9,)1,WBR8d6QSF3PP]8>;,5"RI@('.Z/7G`#Q [D#"+P]cGKbJK_ZcQ9.TC@ÿ%^A,aM9HWa*4L&!a<'=A$#?ZZE#Ab	+8A%:4bBO,<M?L*)_<,
M;G./JV3!YM-=+I	NDJd	:IaZC.A@)5=0"+=c_2VJ<Q_9Z 7I*'*c69)b'7+T$WTJMbL`D)-II^[Gd,@0D:Aa0+-"LUHV
S.(&N(M5N	SYZ!FF@X.XM5LV%#*9(2%$GTQ!5ÿ2V4 J?N@6G	6KZ56865/[dG-LE#WTH0F!]5W0`&6KR.[ =4(+H;GI"2`)S!`*EF09M`F
LY:a%!-3)X(-'P&F:+=,9`<Jb%;YH4\$2TMQ+KPTNF^_N
L"c]7/QN"X(]A/)DPbR8=J9@?WY%(;'&$0-N)\OD`;/C;C@>R-?3bR"Q8!YEac+M$	Q3_?ÿPCXY,%a`Q*4a$IW?U`YS=2T*@KU$+V;2c7D[*W+Y1ZT\=\TNP:+3IKO
/+[XBB9RacE"#B4#1)4=0WY.Y
5.5^N@T!^4N\5	4X[&]?001d#2 3&W*AcYIU>D/MM\+M	[?RL5LDT74HP\H52V#'2Z^W92ZK!B8`V&Y	Y=*G/dL 4 #1N).I153B31&LÿHZ/Kd'ZKQM	P,W&Q`BQ<%Vc:b3%,)I,L-">)J#=K_bP#:M
X%#	I6b"%.NK&>(U!<VDNd>^9c&;>VA_C[C3B7]@S&YBW`#0AJV^4]T\-,Y-6&E$S>	,2)DJ1a4'\N(c]@<+A^Ya2	.ScK.KM!$)a'>[Q7d---3+O^$X]N4cbHC#J7NYO#X-/ZU1/(ÿ^B9`VV`OGZ=
< WEW-.IdX	^26T9&!["3KUa#I];:"?TB:Y%b;OH&U9	`DQ:X%.Q]P#P+J2V-)Y--Pc^32FdZS_NSC=(YGCXY`[?:._)?#4*G$524O28O8$:c4;FdZ04+;	G L5\XA?$^@H`YB_`$\6<Z??C,+cR4L8X,O?*[ÿ?R<!=4a2#YU9.75#\9

1&	?-.9NOP)!JB_c$)C7!2G0)WEG`4PS$5P>d&<5 5=QH#B6\PK>8X0YQ<)aaFSO)SN*F)	)%^2P\@/7WDY M<"(?IMQ#]GV^(Q9>/""E&	 &B)8dZL^9MJ[d5R)C	`21X/ZN/LLcIOb	`FR&+a)93[P3 E3bV7T3^ÿ5,51<LVUZW9&]LLUBEO!(+,0,RPHUB0,0PF&E)\Ha=OW	47&Z-%S@)<VP+5$<aaO[?01\6A!Z[,`'Z;M8RG>'^1@Z"
N$3, 
V4(F1"
WT:SY;F)4P;CDF5-P.9,)1,WBR8d6QSF3PP]8>;,5"RI@('.Z/7G`#Q [D#"+P]cGKbJK_ZcQ9.TC@ÿ4^dX9^O`LZ&BMbbL#^9d<C #JY,#<Db;VO
D9>JB+-cMF"EEX5YQ>+RG=$Q3V
F=b>cIL<[R5TTQ()Y115+;*95LW>JB!0&[U
K,L <==W);[A)*RM7YTF8bHV4BD:;HG$YGbDAUQb],J==_$'A.RCNOEWE?c%]1Y6EW	"$_"	^-W ÿPP&NFSEI=URAI@]\1T7>6QS&B+"`?9*XX$-?0?Q@<0>051.A.;F;5+9J"V*A/IZV((%30"41V	^>&VK7<M
9#X[8IP#!9OE*^)-c Y
bA>4?UC$a.5^(D5"$'?C&('	QR1!GDC?6.D\CCZ+8Xa/]L#CEX]BT#5,]%C&,a WT+#6<ÿbP%RF*c1<)IK_\1b)Y&`=<V4X+";\(27%,>3ZW'B;UTOA;/L?'?I5	$9'[	*TTb`7Z(AaXH;XO8@N-FL%CB7MD]$	0X-]<AG5M.[[M=H3XM>LP57P47>[_?#M9XVY^P a <Dc>EN%97UK.+398I!& (E++%bBFOY+c`GE D IUO,3M7ÿ\P7:G	&+Sd2CNdO9Td+Da^%[[+/JK
'HcSKa:]Pa\#$6+!cI'&"T	A_cA.dK!XK^/U^S/HY8HLB
<cU+_#'>/351EKQZ\	EC(^]cN?d2L	TX1M6LQQ21a,#?@I<IQNMTRHc6U\@Qd#;MTKY] 8\<&U_INQ8XB)@.AHXH].=ÿRJZ+0X;13VG	c$Ja.VV'0(H"-(<L1%:JU=3S`. )."IPC.K
Rb
!Od1P\ULXX4cY#@. A1KP[E,-cJQ2=BM 	*bV1cQ">!P	4L1UVc8C/<TT>>[O!?!)B7<76`'FaB3J( =0_VF'G)%=Z^Ka\K94#7,:bb<\80WCC2%+c6,.bE9%6G-1[9:;
9A0cOC3ÿTRU96%a$=%U=*(=AOZ(`XZ#:,!%3	O1`N`:,Ka!&4]C7_IJVQ%0FQ(Y*()OJO]$9"6%-/A 5_G3S
 I(3*<74;LY`S5BN'X7a' 7Z\8O\@N*YCN<0;	 UJ-NL7-%?LX"U*QCPJd	; IU6_[7RC';$>0ZQ$%_bQZL	E1@R?]=(ÿS92;008.G(LJc,](Z`0NE?4=K>$G)F?=3@O	A(73]<%ZV(b5W`NK@*/--7V.9Y#(W`@V(&=.2H([LJDM(G`3?S%H7%` MD(K- BX!R[cT;"(L(Y$9.2,][ O*B'+2`)PO2$,7$,*
'XFJ	:D\dEB3Td)4<R+G[[
 OJ*>`Oa@aL112[2=b..Bÿ
F)QJcM/cc%$C%\@>c"SRC>'<'S+19b.3c\S@KD$b4KdT^&(
QAb5dQ?TM?GI6(>_!5(AU$_;>O
<79NEcab@.E@- 7@1!4"@?
H_=Q-FKb-7cL7"`TR5
*A!*`28>(4>/[.4X7KKEOTWAD*#bIa=`!cWX$=d+'8$-:1bD#:bJBKG?bPSI'+8[$SF	E"ÿ^B9`VV`OGZ=
< WEW-.IdX	^26T9&!["3KUa#I];:"?TB:Y%b;OH&U9	`DQ:X%.Q]P#P+J2V-)Y--Pc^32FdZS_NSC=(YGCXY`[?:._)?#4*G$524O28O8$:c4;FdZ04+;	G L5\XA?$^@H`YB_`$\6<Z??C,+cR4L8X,O?*[ÿG!K]5aH,P$([\BSM4,. G<$)'0ZD-&4N?W;07271DL;`#]:]7`%),Z2+J,V[XPAYBZ./&J6XC#89T\79
?=)B9ZOD>E+a%E(]LU!`MRF.(`XP@7>9C(X'$IR=R !YADUa"FSb>S,`1D2[!D#[ I2^&cJ8F;_)8--49\ d
VJ8*D$0Z0!;Y_63(&0>ÿER=<45D0a4L>V@5&<BXcAUJ@?Zc*2^Q:><d;A9X9,AGE,[bLJF'$+:=SS\C42P,,SadaX><<'``)7GUA7a%G9`(a=:8Vd1+%cb>T2<L@W QH+H9H(%:VCI"`IQ.,A^aM E9M`c?&
c;7>\c;JS ] $5?<(<XN1IadG$/Ld`bS*-b,dIÿaJY *C:	&S	6K%'(&UYXUO(DV#O^d.@? H
d93(]E`*-K&BY0
<;8GR_V%Z205S_	4\H>2cG_T I@Y^;aD<6Va`RCN1E(HKaH8aFFAa"B=Y
T0T]c6[0	O+\bF/,OCY^=ED\):@]6_\<ET5(1.EMC;C")b:>0aDO?!B;>D;ÿW'MaF+5R
L\b\+R_
&P%Y#GOaLT'-bFRNM[J![E,:<B5`W'	d>\J:3)I&@1`2H,8([-]WYI!7\+.5QBE%I>@3?KAb<ZK
O_7P-*DW9)
:P*W/F$X;GSYDM"-5UG4LIHS'!c,..,03>I.A%@5&7KU]?,RY_YD`Cb%`	\d2cFLL9ZP$ÿ[GW]bDIb75@EEMRJc2	WW?/M#E_ab@^AKI>"4CP$X9GL/ L
/,;>9$E*1 $aAMP\X#[BRU+Z50-5E&REHLc62H^RA&T_^FNAZDFRb%#F95U1.O['2'FN09E!&6EV-> >DS2K'1 7I
;_>[5F10PM)LW@XM6OLINTWHA>;,]M;=93$MEQE5ÿI@E	S_2GWXbTG_+Q#"C2H9[,cNE.7LE^KF5P](SVR  >WM3W*F>.79"6_'
NE^ Sc>U
P"($@8?	"NU'/Y*bI/!V K'/`.%Y
86	@LDY7>A=N@d&7.!b YOD' CV_PBZc(X6:d97#ANEON+X/H#TW]Q<(,UHXE;Z_H%2H$9#R	YZ3Z4WR+Z&`!LYNÿ;B.`'XIP&3b.AA&GT
T>E)!19V5VG!A%4P[H'=QY#TBRM$L+bC 3"M3ACF#!]S6$-1d!S3MO]<P%W8D3P3[37$
A&
1SHJ2_\Z	3^A$7Va&#	UaDMFBOVA!	2C]&)/W[)
)P`+L5[FNXQ	Y7M^Y2 NTbH1DO.<ZG7,>)ITF/+ `9G1U8DC^`EPIF?ÿ%S%'00(E+#5b+B!=/QKV6YQ$O<2T<7GGOV	Bb=!d8NEdMd?F3%HW=;O#&I&N$\,W&3BTKGW8c'W3H*9SP`_*d:Q3	E!&]CL;53a/M%QW,1.T$c[`#5TaXaT]=DVI-N(3?M#)C/\NZ8BHFEH>8_'GXD'TQ\F\F@,7\=[/Pÿ4a?<H25#RPd" #dSB=1
4U/P?]IPF-DCUSXcE$N.cUSWM2G7%R'%YH &>Ua`K")+&$d
Q<BO5>YaP4FdCH?DF%/R"d:URAZ#X7GaDHO2\U8G+D`H;,``H#_a7!6:1	FY;bOQB>#N
H_)b9"b01F,J'.U1BK!#BEKKA+(U.ÿW($K
#\`@#1(7;XB9<*VN8I/3;4Y!0VK637(8:<-_'%0=LGV8Y1>#&H^c4T@,&[$PCTLF<LII)Q,8^cSJ..S!T.,^90.)*USE>ZAb[&c\1b\G"1ITA1BD(-W#)\J: "\Z,cd8A=#7J;AU--_8CS$I#C&EFLEO cd6
^,Cc<B".c,?H0)*ÿ&\5FK0b^A#U?NNARM?H UURQ)XC3-[\6(14%N$VZ9IS3QC4#J'J ;EN:<, QZQD]W+ T\F`^+B&PV^42,SL<_*Hb_JM
[L7#8L]/"<$c'3),`WKaT\	24`MB'1D1/PCWV, '@YDUGT?JF?9<	#
$4b	$D:W?FP	)	QSF	8`F`@ÿL0A_Cd9
@@dN(O;_J-%SGN%TMa6?L
P<.SK.J9_ND/6FE8Z	`@
Y:HPO7X60:#"OX-8K91;6KMI=	+=dT<@b1G"7G%6@;(1[")"@\J<D)GW'^B#*L5L0A9'%7W2WMDR'LCJ 4]&EM&	M	S/E-TNaX4_SF`"B4A)%SD_YR*$[-`&@-ÿcd-Y
dHQT&UK<;Q\HDJc
!0#JC4+#b([
$Y8Y%Q1.bV4187
C2?GPTPI\TY;8X,@>82M/:V!MY8_+9KF_*	H,2UcZY[ZP=&TA:#+[`8"VQQG-2['	dOJ@/)M*)YVE5*MYQd_G#b 0G./^YZTE&L;:*,Z.&$'_<03JNLFL3Z[5XO8bJ*E W\B4ÿKH@UOIY.5@91G.JSO;QL4
a2RJ_d5W:%WTa4H;6:1#CML_JM07/5V50S[$CCF$GE-'D@ZNL	$T1`&(U$P\?A1_RXZA!+^XU*("$N5<
+VA$OASQ[J<./CBJEP 0`R=,TaZ	NJNY@$D1/B6 +P'-HJQX]UIQ$YNT=]6[E?3>Ua1G1.FGACÿdX cbIMa-'36^\DN5I.W/S.LB( HD5UA6:d#8$8EWB):ES6a?4-GLP\*'$U# '4-0%6-JE>;>.G6R2I"1'I)C8+c :$!Q\)X +=&
T<+,` 8#=QQJ,O?%7,^<@3VEd0*L%C"5*d^ #P@d$9Gb"(>0H@FA;!#5_(/HK	VU
(0,$$<,[=a-;\aÿ R
\0)X9/D(::9Y,H[XK\TADZ$IY=\U);-$$)Q5@bBGD`S
!/:*3:d.`&4PHLZ17
5O*#aZWE7Q)`(B4'@	(;6$@>@M;S0T	3ANC	^<!>P/HN0.2^%T^B7(AG(';K<U/Y7NAM#+T-0]?Jb207[I&%[9$DS+=V].$	ZC=U:"&dN:MUNTÿN$bS>0TJ8AOBO88J,( P0'T=I\$EBXA'1R6/4\&Q/S9M=b	U4HO-
'(=83;b56	)<(D<I4XK3P!&'%
=BR68$9#R'$MU)8NVE8P,K.)Y
 )F;=6:GV=^FG9_	R
5MbSON,1&,YFT=(2/+UW']7'7\UIB#c2A0*;)9d@S*:b_URY@R_*.	]ÿdX cbIMa-'36^\DN5I.W/S.LB( HD5UA6:d#8$8EWB):ES6a?4-GLP\*'$U# '4-0%6-JE>;>.G6R2I"1'I)C8+c :$!Q\)X +=&
T<+,` 8#=QQJ,O?%7,^<@3VEd0*L%C"5*d^ #P@d$9Gb"(>0H@FA;!#5_(/HK	VU
(0,$$<,[=a-;\aÿ%^A,aM9HWa*4L&!a<'=A$#?ZZE#Ab	+8A%:4bBO,<M?L*)_<,
M;G./JV3!YM-=+I	NDJd	:IaZC.A@)5=0"+=c_2VJ<Q_9Z 7I*'*c69)b'7+T$WTJMbL`D)-II^[Gd,@0D:Aa0+-"LUHV
S.(&N(M5N	SYZ!FF@X.XM5LV%#*9(2%$GTQ!5ÿB+9O31*E+8!Q-^S(5^DTA5QB.CEX3LZH?!S"!`X!19+Uda""0%AC[E0&;[^--^(ZaQ*O)IYJ!ZbV*#$OZW,	MR_
N&2P%
9_LH*M	FN148(YK(F 8P?<U--<"U037Z+=?>NI3 >D[+-[TS7PZW]0`<"FP\7b[*4b)
E>#	KA#R !/Q^ÿZNdM/[P^B)EGPcFWO1SM)0&38_O]H76dY_W&"W]HK5b7NUHc-P)5>4#.9E>9[D%?R`-9S3-3`DW#G>"U>cT1#TTAR:>>SSbD*BP;CIDJc'cB#R;cKC4=F<0&DQ^VB>4GabU5CPAZ
#ISW1OP<,UT?9-;;'Vca*`W		?45AERc	5K6ÿ0;I?'#$aa"-1YS\a0"K,J`\GK&F$O4	I(L6 IM	TE9]dNNb-63FGBMb"\
BSC_,Z>O T:]-`K`FK'
@/5Y'3!>`5#U;G0K*&^T5,""3J`!6P
<)>>L9"X*NBK;TGdM(;?.?#aNZ9bD7I
	E,&6+@'-K% ZU&_T\
U2,)ZV;?6#-TE
(#5	ÿ#?AQ
6#?5Pd6S0cd9C8M+92S]=BM E2-cG[MB6'SOD.!$#``M>;*HK5Q\*F"dcY@:`Q`\cQ!1364H4HN'V=]BU!R1EV$,1Q84C3>3JKQY2;I6B?1>8^Z)

OM
,5C"%[HW)/`SGcT'(#<O'2B< QY]O27F2P= \Za(*MR6^6D!KW	>1	J$N!*4>J*_I.J%ÿ
(dZVMH"&%OL")F#U?;2SWV!L$L(TV
5*& I5A._&*M7OV,&HJ,O&`N>]2Y_aC5)>a 4@*@PE^+IC=*`B*`(_;3AYU6[7TNF.a#67K(EAU#)!
JL8?1!%>'OR1545_3U*I,`]>4B@P+[CG#C
T6YI36[A?PC^@W+Kd`*1(WW<PU9'ÿYE8])3'0c9C 'FO]KLH$X<C_:F<Hab@&@X"bO9+9MY-B<bOcb0*M+S0MS1( c7^P><aP	6CT<>a@`G,@IK/Fa@0Xc<?*="']=S5DR46SIa#	3<!Z\5+!B&b	@J!U) cZTKXX[.'E9G1'3ZAO8=(%:R^O/4$H`U*F#WX3#+E_DC\FV_($>35`F3B*ÿ8
+5BIK+%b#VI]dV0aH=!XR*;	SUTU4&^%Z?Y>(QN7W#:*V6:C&Id$U#'bJ`4\\P_5DH\D`FS >9H<"a`!=;Bc;.J[44Q[H:AOSPN,"G9dHG
./,QG(U &Y =IFc<.]\+%RI5,3+U@YZ]=?`_T
*c6M[
OaB5^OZ0M]1B&Nb<#<B/!b$ÿ'ODK2H22R9UW2-BCRW
Y
! Bd\$3b#29%BUJQ3aJ1A7	'.D/T3` 1",DVAHVNL_	W6,`	T@6ZW+F'Y^\GP243UPU)^&UdaUV-'M6XDOJ3/^2I^5,+AC`'T5 c]W	).aW:a=^JJPFA>TQ-3*L4X52>=X1)
$]./[d3Q[3KSJNV3EBL
]0:B$O("&Pÿ0$`QaA`"SQ/

AX\>M!=N-_1II14KcNB(KF,QZd2#G&<R,S`/YQ1H
bQ
@UP =M5X=O@1
0%7B&:2/<*\;?K]`GQ`V%7R# BR9a/+9Z5IL2__19bSc-^'5M:N>. A9#=Mb;]1K;H\Z%^C&'M""_8>2*9<MZI222a^YC:G!<]HP#!!K_79XÿVCYXa4c<.@\^` 9\''d./(V\GF0EKS6#+2R^0cN>P/N5aEB`EW1Y``XD#MS_9E/J!W]=<"DY44OBF# BGO(7#cE9U^/>Q<+HY	V/,LHD8N?7	",D\W%P(-S]1);*I7\.HK:1`C.R(5%c+d=;0GII2LF3(5OC4-\b:EbP-b3?^+Ab7ÿ8!"KPNB.X_G:+F+K_=F0da?'H!BB"Z.EN	P7YTBYPIBDM1^#GXLc]GV@FN4I_M?;=HW=!UA&4?/]#'U3VEH=TQKI@ORKcd S;a4L;M %*%Q.Q[39]PB<G"-C"	+NW7+0IQ[QG4:&T8'WM4bF=?<>aTLD DE;_[!!+bYH[^I+1$'dG`Z<5ML1
ÿ;+ G1H:E7S,PNE/2O>FdBH$b]6F8M-^_1<6> >*8*M0J`3^G@M2E`Wa\PW\:QV/C5\Bb-b5Q>NW@W2Ad,,AAT%C%[WWBB0,3QSEZRL 0QK2$
20S)CZ2J-RaXOYQ$/D7?S -WaN43@`RET;'LB>dFE*Y*/@!-A-V%\ZZ
?24+5>((Va`TPC,2(`J_"$ÿIK)MdS.K9YV7KJ96KSNZ->"?42V)6&SR5B.+`=X`.&D		;QZJA^.OGQHX#FAc'/N;,O!-:1-H1R#d>,BZ'![_dAb-T= D,+OW^:B)ER_/?AJ&N'7*bSGOI'>'/,_2DZ&7 ,7_P-`"MJ	bC)M,VYZ>O)AW`KJ80;/+48(cDLQA//_:8cbXL)Y\ÿV$7YNBC\(F_J,9G\PQE#>L.^_0O\4:)=\
=">/G.(
1\XL^
XBFD'1\@E$&*L[<%8!C,<0\TM!?_&MW*^]Ob-YT,^HJGW[K!(F%B&.\I^;;?^50OOVP1<)-(_GbJB#Q?Z(2O !3P*D(VC N6#[6#U(;-O;?_cEV,A@*ÿ]')`.SLJ"3?L81?!04MX=C"Z(B@-A@a7%;V<!W	D-"G^,>[*?_[RL01@
3K5 a)9!.9E6`QM9Q5O-BW%$\MY45XZ,S*&2ZK:aa)$D:M[T/FBEGN\1MN!'DN	@<"X0LO2Y89!C"L`!b @0U<;8XV56-A*'2_H:'F4S`7F;H8dS$G3Y+YS"3+ÿP*I\7'0B4!((44.,Z0BQW<F*WU9!KQ3J2F][J\Y$]R2
<Z4F^&Q!4LPI3SG,:WdX%@C]8EBO#B$Q>\ODF?\Y]4?CU@.&/-?Z%M	PQ5V;8$O&!b7AOM'@I*ZT
.+`_N	PBQ^1JY],aNPFV+WdS14S0_PUG'8\<_Ib]:-8b-a#aM>ÿ?R<!=4a2#YU9.75#\9

1&	?-.9NOP)!JB_c$)C7!2G0)WEG`4PS$5P>d&<5 5=QH#B6\PK>8X0YQ<)aaFSO)SN*F)	)%^2P\@/7WDY M<"(?IMQ#]GV^(Q9>/""E&	 &B)8dZL^9MJ[d5R)C	`21X/ZN/LLcIOb	`FR&+a)93[P3 E3bV7T3^ÿXKT!,M:KT$OKLJ%'Z$c*4?CM:'
+A5<NI3C@4J(&'UQX	\-\@CJ>"XX?O_ORbSEIAZ5`VP0L	*U_$b6D%>T=)T:7M10 ,Q@+98T,?'8M';B<V=E'?J6_?F+ ?+M!QU(R4
D/JL1A1ZM^RYP;KcbC*]SP0bY*\,2U<BE

FF2+Y
?`%/#aÿI$9Jc\E><0`.0EHYV'Z`'dXJ>c+-(_$((KL*]+:$=4JF]_O Y>
7H0Q];O]>/Zd^? ZL
C	V=7(T#R(#+.'P8P-J4c#O4`6FH'F$HX3*]A^#X9;@T9E54BQ'3'cb!B5&HF4\LAR!VPI4SJ@/CL[]KH[CG!:_>NI6O5Y"=@_?'ÿ`S_F	=MO06WFTDL6YN9Q7)XQ4
^N!$,/aV?8>)OTP =$0"'$?Y2(K*dQ$%6YcJ1KB6N
H;1,^ZW!cGONCVYI@Y	+]]<OA]TD	H_,:T]#,NB7D?U4`VGc899TWH$	9X7Nc"D$"[_cDGSIT%UF8)>,]2[2D79VR,/#")H#LBH8<ÿb9]\TSN&HY%K	<HA3,.)0MJSP	C?*Y;FBJ=0R&" 6J87*XGRW(	S]M[H&>(c)NX ba/BCJ7>V%:'$^$([?AVBOO7KcO ?EE65%YS4@5BN^GW	?F\B,cXD#L7C7&4=\RZ4C1""DL=#6JT(U"5CE+YDL4GT$ %XHZ*	H...dY*1]	FC170c&cQÿPCXY,%a`Q*4a$IW?U`YS=2T*@KU$+V;2c7D[*W+Y1ZT\=\TNP:+3IKO
/+[XBB9RacE"#B4#1)4=0WY.Y
5.5^N@T!^4N\5	4X[&]?001d#2 3&W*AcYIU>D/MM\+M	[?RL5LDT74HP\H52V#'2Z^W92ZK!B8`V&Y	Y=*G/dL 4 #1N).I153B31&Lÿ>	"J'.95#$Ud	^Z=S\Y?G0]LbZa<?J_b^	][Y,/6
XIN?&]<d&WM72aAU.:ERAIOY*ILL&,D$)]$72BKB!A7*\-@BP"W;T3:29d39Nd&LATdSQ	0>+9K[9;$2$1]TX!%*^KZT"@6.]RBLRPOIPF21_',7R2YS#!2VM&ÿ\P7:G	&+Sd2CNdO9Td+Da^%[[+/JK
'HcSKa:]Pa\#$6+!cI'&"T	A_cA.dK!XK^/U^S/HY8HLB
<cU+_#'>/351EKQZ\	EC(^]cN?d2L	TX1M6LQQ21a,#?@I<IQNMTRHc6U\@Qd#;MTKY] 8\<&U_INQ8XB)@.AHXH].=ÿ IKdBWV==KV#DG>`3=/%3@/1:_ /?"(EB'$[N64'La0L'$:14+d55(C#aB='[
Y0TOP1',/"?\#@%9S1<Z03&DMBG?&:>dV^ 
R'1QM^:+MO0?[VQP@OM8&"<#,]F<;"bGI6(,6]6WOR?[ZaC]>:V
9X6B`)$8	;I%[
)N1P'>`K2EX*0ÿ."O\^2Z:c<AZ0XL\&
ab'YbcL' ^DHFQ'*R/LD[*^F&9I(> c'6^
V\BXJ$HQ0!SZ,c=[P1-*A@SE'D$%!<I[54K6*$(#V.I#&=?]I2EP&TJHCY_;-"+5<!QA`/WKN%)[>/P[YR'
6'4=b!
:8(
K&$GL=AD=LE#JCC
O ,b5'F[J_**?.Rcÿ^@^*4ZdZ,#FQc
,#"J'@ZS6P3a>	3$+'N4>Q	Z9W14YHE	*<#
2R@J
CEZAU/C=*P/+TDIK$5a%[Y&A:9NLP_:99BLU>2>2H 5L#S,	JV"O4Y5TV1KMV&`I$FI85,S,)Ta?HB^GM62EY2F@!2U?'LFd?'%.PMG;:bGEO<NGB9a)=MR)T/Q=&\?QMÿ!F 40N c18NNH+5+<Fb4LQ1.P/_::VIDR3%?dM!&)M\acZ-J?^J.=4`:!&`4dZD;dU	<41Xa
`X!OAB/44XIZO]-4N4#.U,&8"R`EII'TGDb(M(*:H
A_1K!6`<
HLK'_KF	d8BdS.(	Q6',U6%LG2LcY>6$LY7K<4"S(QZXO$Z4\_ÿ0$`QaA`"SQ/

AX\>M!=N-_1II14KcNB(KF,QZd2#G&<R,S`/YQ1H
bQ
@UP =M5X=O@1
0%7B&:2/<*\;?K]`GQ`V%7R# BR9a/+9Z5IL2__19bSc-^'5M:N>. A9#=Mb;]1K;H\Z%^C&'M""_8>2*9<MZI222a^YC:G!<]HP#!!K_79Xÿ/L/\K29)PW%Y5P,$M<? 
;5
"1=KW-2%	6+		JI8[XaKO86-F<W'^M 0)D8 Z!"F&8W;17V;I'R#(?X^	A"C	
"E]EKa2Fa5*_O"M
OM-=b%8T7)=\"&ZUA\P`aSD.
b
23+S`0MO,a9I0/TC?ELaBKU/RI:8JM:RN&[6WGL_F`</X,U6V
%ÿI)T%"6R1&\'UU1G	F!Z6KBN-GAH4_VI/'EY.BJ#$+K\6GQ_OP];(5U'<[MEF^=&_ [* .F=]J\d-0Z_JHLX(X1A!YU3$!dN+&&^N_UZ	d:/!-U9 KYQ/N>
7S) !I,+`IT\
^>c>HQC
IRKa8%PH(H(BPAG4=a,6BO5%SaTBQ6<!C!:5 UÿU6IB/4+31FA	WW(>	%'9Q-3`"-(-HYd'L]+:`L;F.MU<6*_;1LH36<3
9	*1WU^A_2#,bS-,d]?+>=TKZd+31D_W]H)Tcb9>VdQW,DI-)RPO#HRX*(8L^+&+#RHAN	cS=Q54O\@FSI<B;#a(D*.TN	"K><1'6@(%Q>Q@U@3[TZ') 9^)M(*ÿL0A_Cd9
@@dN(O;_J-%SGN%TMa6?L
P<.SK.J9_ND/6FE8Z	`@
Y:HPO7X60:#"OX-8K91;6KMI=	+=dT<@b1G"7G%6@;(1[")"@\J<D)GW'^B#*L5L0A9'%7W2WMDR'LCJ 4]&EM&	M	S/E-TNaX4_SF`"B4A)%SD_YR*$[-`&@-ÿ?;$_@Q3B]#OB(	`LQ5X1SC^R\X <;G-JZSQ/*;GQ@=:P%b_T^#[HA']-$5D4,,K8+O2>dHX:
$]) IZ'	<=",OTTMPO<\LP5/FZA0CFR7V(1L;]+_,N\cWC(T
> R+L)OM'1]<>R5E&CY0&Nd0#;dc_Z	")b>I"XUGU[=G V/J#<Dc7D>;Cÿ!N=NO>0//^++/1;5A
",QJ?L1	)=72LCOV@VRL2: (7N&GadL>H%Z:W)5+YJHG:'@JF@AK.35YMW\+$/"-%D6[V( ZKYA`,DZA0;ELN\FA>Ub)24@3C	2K:Id`.&"7*A: EV/^TQ,&B[9P(6E%?^.28QB<FAQ`F;ÿII	__ 
>=`Z1DD
T&:_1U6`A+T]b1G:
H4CH	)^9GT0#6J=A:c@Zc	54
\IR`IT9F9PKbK\G$(K6T1L)2#+SD[YS4@^Z6FZK&VZ3/:6]]516I(32L,-C'G!2Q,E:;.K.CUJ#GbYd 6N5B5`"V.$7 +\%`d8*!9^#	31VS'#S\P(	S"];ÿ S)O3 @@N83*bdO5"4'HLO!c\aM69'(#12$`L5'93VY\8(/C*D'7"_
X@M[F_;[Jd-5[HFd[V&C!P2"<d<=?Qa9]XKUC\U.K)4d"L7=X)U8
-cPPW539RKL4?OU(YO.
MT[.<,GJ*VdBF:^6ZUc([_a(1'&N;1ZFc,-YAM:L9X?,7K7\?_2$7=#_0%Q/=Eÿ?^<.G#S R9	O ,6K \N9EDPWI76F9a[X#9',XW#.N+&!	'*-d9=I07'= SOQ
d9UPI:Y]RY)9A+/H- V6$H%>78F3%<,A!7MKN>.:J	OS9$-L7Z+$ZV7`0FF?EdY	*6N3KSDV;/#	cFbE*Q	%?!RG_ :*_@	Z FZV62P?+T#U ÿAF8daH^/X+ %=>JXbG#MN4-Q60	D>-QRIdD1PK/%PQ+\7JPO3*RZCC:)/_FPT`MN09^2#I	$4JE NQD)K(+0XAWETHA+=1Q$	.(/<	YKIW >a=1+Y4A7]^F4M7	H82 Wcd:d`$8D"XWaZ<d0@0\	QJG^.c]?(C)H'P8F48ÿ?;$_@Q3B]#OB(	`LQ5X1SC^R\X <;G-JZSQ/*;GQ@=:P%b_T^#[HA']-$5D4,,K8+O2>dHX:
$]) IZ'	<=",OTTMPO<\LP5/FZA0CFR7V(1L;]+_,N\cWC(T
> R+L)OM'1]<>R5E&CY0&Nd0#;dc_Z	")b>I"XUGU[=G V/J#<Dc7D>;CÿI@E	S_2GWXbTG_+Q#"C2H9[,cNE.7LE^KF5P](SVR  >WM3W*F>.79"6_'
NE^ Sc>U
P"($@8?	"NU'/Y*bI/!V K'/`.%Y
86	@LDY7>A=N@d&7.!b YOD' CV_PBZc(X6:d97#ANEON+X/H#TW]Q<(,UHXE;Z_H%2H$9#R	YZ3Z4WR+Z&`!LYNÿB-'-@,,DH^^@`\AF\[JLJTTW)'@?9\!c"Z_0[?cW]2Ta9=b$<
8^?.	)@[*a$VJD0G4^6O]5:6<>R``
X@T?8NI>[>:\R!VR2_;WS?'*T=dPF8&!P/`M)?c?Z1KO%.\U2bAF6`SA;\(!\7R0YH%Cc4d?2>#Z?>U,'H/!W=ÿH\Q=d
a.a2IVI$L2<!/1bLMM!&a0,6a$LP#084-CWK :=_:V4'R>N5)-d< *A>:OEYF\'L
HH	Z2.0,ZD*?>JP28#P<`*J*'5;0*>a3>C[	'@C?:H$R$,Vc3OD8L.Q,8/;K>1%9R#S<0-]d',aIG4UDMG8*D2_XE-D0/3^NX0;-&6QGAN\FJZCÿ IKdBWV==KV#DG>`3=/%3@/1:_ /?"(EB'$[N64'La0L'$:14+d55(C#aB='[
Y0TOP1',/"?\#@%9S1<Z03&DMBG?&:>dV^ 
R'1QM^:+MO0?[VQP@OM8&"<#,]F<;"bGI6(,6]6WOR?[ZaC]>:V
9X6B`)$8	;I%[
)N1P'>`K2EX*0ÿ&\5FK0b^A#U?NNARM?H UURQ)XC3-[\6(14%N$VZ9IS3QC4#J'J ;EN:<, QZQD]W+ T\F`^+B&PV^42,SL<_*Hb_JM
[L7#8L]/"<$c'3),`WKaT\	24`MB'1D1/PCWV, '@YDUGT?JF?9<	#
$4b	$D:W?FP	)	QSF	8`F`@ÿKH@UOIY.5@91G.JSO;QL4
a2RJ_d5W:%WTa4H;6:1#CML_JM07/5V50S[$CCF$GE-'D@ZNL	$T1`&(U$P\?A1_RXZA!+^XU*("$N5<
+VA$OASQ[J<./CBJEP 0`R=,TaZ	NJNY@$D1/B6 +P'-HJQX]UIQ$YNT=]6[E?3>Ua1G1.FGACÿN :-7]3EU)JX4$QVVMVH'	-dG:,\P;#3YYY36^?^CKX\,9D#L!1NM@9^$!Z:>`E /c8dM]YFANEcNM\@U$BN_%AED;65>"%-	<34MP,)H9@A\d&:[8 PK8E44);DK]NV9IA9INKO[;6'3V
9+:I(;Cc+.U=d34$5^,	FcKÿ`HY=UD0K6cS?!
-\/b?<Q'S
M&51EJWQ'$W@+S`H"<9'c&6B+T`c!G4(]>Z9M8% *?R>3d\964GK@K,!]Y/3O_B+,]6 E`&9D!cFRd:G$4X_%\+&.KGL"V	'\-Z.NAP5
IL3J0-.P+<=\9;Y<
I_[9_BÿN/8S2dQY!N5<:Y(]5:2LNM;(WQOH3/Pb2BC>	_`@G3]1=HD[O\)!`)XWJ7:6P%=,>;'??@L6>`IB 6N+`QC!JP,K4aK0H8ba)*#EPK
OVKIS=$_]\L[-1dP@L;*D$7`#TY*/B'BQ<\F`PJ`3.Z[\I5B56VMC,CbJVX.Z#=+7VQHV;]VV@;(ÿ
F)QJcM/cc%$C%\@>c"SRC>'<'S+19b.3c\S@KD$b4KdT^&(
QAb5dQ?TM?GI6(>_!5(AU$_;>O
<79NEcab@.E@- 7@1!4"@?
H_=Q-FKb-7cL7"`TR5
*A!*`28>(4>/[.4X7KKEOTWAD*#bIa=`!cWX$=d+'8$-:1bD#:bJBKG?bPSI'+8[$SF	E"ÿZLV
44d<B94JK59N.JOFa(L0	I_L.H(A P\ 81-GG3,_bONSH3 9'SBR/%6;WF0A[85J5OJ
'U`)<
b$W5`@ZN J7,A.`b+K5$+_+E-'Y%,W%.W)I\=G+SJZAN1H	Z#VV).4G;\3Q^L'$(P/_$U
J!;@)6A9'@-c;?ZV_!,AP')	0`("ÿ09"[ZUOO4!_.8=
OM15"C!?WXD`I=X5CJ-CAPFSG6b#5J3O)=#()c'(U:?KOF?` !- 	8]"_KC^ L;aCAUa/ZW0,/K7"?D(6dM'.PL676/2c[X*@6Q[H1A_QX0A+:4*.1)XB68@??J!.>4
1N<E(0V\G9PVXG#KDZ9c D@DB/_b14 MD$cAD8D9:Jÿ	G[=Ad'Jd2*"E72[\ATV?'FF 	*KO9IaLd*&*dXJ+,O[KS;":5) B'R$WV3,70,!W]\b"TMZ6U2cI8/UN(8&KC2)!8 W'<0Q[I	&@YXIId>)5"BA-!-	c7%^N4d7`/dV'DN&X#ZB,!-BLDWcV"2^D*Q?F4*4K:D>I=&%$R!I*WF3.**9;7U[ÿ4[XB?9abV5H;&$b;Q	0J1RF
=)/#?6TR?-K-W#S:"4YKV>2a;VCW#	9$dW0LY BP
,Q]!+$4dL J/]LCU<T5>Q)X%ZXdJ(U*cdPY(E-E)a[`3a6V[6T[9=,NH?bM%[`[$BNN25+!>#<^'dI	QR5R
1<(P:UP0`4CACI_<`%H"\J$H6YKOÿG*[^8+-bP@K+=a-D$??H?*M
(1N[9E$Zb<<<b_7%"!V7RJ=9+\"#Q$%I%$dGH!U\7#;[W5P+2]!1%&)H%&8<OTGP2GH9U@SG6TPQZ_`W(YbaHE&&M\U,T9 1[:]-!EJ]P/a#)aZQJ8G?\LT\LGJF:Z+_
b?'\[L	ZR2.@X1ba`7+#(O2,Jÿ+TO]14M 7=XWK=,3)%NH!GaD_#()Q-WD*CL1QdEJ*0E%D9^K/EFb0C;RR[6OEA5HG#\7cL(aKPGD*!QJ-!	=T>&PAMT,#0XdD(&	$Y(*<J%L>W4"Xd<aT.^8$7Oa&H^&(M]c,>21[15"]Q=->4;Y*1*U9(DKN&7208+V//	RM
E*]Oa] ÿ*['(O)L*]\55)']EDBZXW&!SE(-O@+F-<0 1/J317TI2SdF\\L)-aC\^+"56&dZW9R?&D")+310	?H`0-&^ITMFQ.]S'/V>C>E,^`"RI "2E*`-!EJ79"?O6SY-E\/0['aVD?&#UZ.*/.8W #-KM-
C1CPJ=	P4dSLBZ0MEO7TR"60YPAUc12^C,8aYKR7DÿTRU96%a$=%U=*(=AOZ(`XZ#:,!%3	O1`N`:,Ka!&4]C7_IJVQ%0FQ(Y*()OJO]$9"6%-/A 5_G3S
 I(3*<74;LY`S5BN'X7a' 7Z\8O\@N*YCN<0;	 UJ-NL7-%?LX"U*QCPJd	; IU6_[7RC';$>0ZQ$%_bQZL	E1@R?]=(ÿVCYXa4c<.@\^` 9\''d./(V\GF0EKS6#+2R^0cN>P/N5aEB`EW1Y``XD#MS_9E/J!W]=<"DY44OBF# BGO(7#cE9U^/>Q<+HY	V/,LHD8N?7	",D\W%P(-S]1);*I7\.HK:1`C.R(5%c+d=;0GII2LF3(5OC4-\b:EbP-b3?^+Ab7ÿ#V	_#@.G@8X%Qc9:*  
R-YO^`5O#\Q#6<%"=0E)CNT
QY#HF[)\%E*RJVA
C%]N9 DP.^BXMH;K1WaCKE]G
E+%Z?B$@$cV<+9\$3
=B@&)
EbH,^-1
#5]+'F+.B(8`5aIC	U=a@1c)&>$ FF>$;5H0OWIU F.E?c=a4DcUWHNH^Zc`ÿ@T-D>H#"6c&11>"P,JCB,"]E5X$9RHGM9T	"b"PA.]9
QW2-AMJZ$U$<VTG9<6=GM9PRTMS<R	!c^IVP^33/:>^1>=C1W[9 V\>+8-/@c_-UY[3a.':,a)\6'M#b,DNRJP3WUW'
d=5H9&VHT"MO^B;@;N)"TKZ "8U=S9RJ4]ISP(Z	W.B#&	.ÿ@_L#SabdOT(>>	W(/&
\D"b5	M<$1
I8+[5IZOH@Y_6"ZdIMb_Y*b'\,(d>@7T6c3"B18V.WXAJ;1bdQ6 ->)/ 8*MA23\W?1D>QLCEFMC=	]I7CMT+G(2BXD`aF9UO$BLYSZ4	Q,AG(JWYd* 
!+_U	,DWDU@Ub:"A;
0,"\7H	-ÿG,]B)c1D<-G`Y[<+	80`[cI0 GHZ	>DFMb E3c#/SR+W/(65UNb8dX+MQ:.F95=>K^[_EXWZ
VVUI_W5LS"._G5DRKEJa4JM)]34P-EJ'F?JL#BX.&689I!:,d1,EU%IZQ^&5A")<,S
S-DY9O%5.EK5b-;:&-9L`,S`_?H-R*R3K.?=*;X-^?DM?Z8??UZ&"	ÿ